Microchip MPLAB XC8 Compiler V2.05 ()

Linker command line:

-W-3 --edf=C:\Program Files (x86)\Microchip\xc8\v2.05\pic\dat\en_msgs.txt \
  -cs -h+dist/default/debug\Greenhouse.X.debug.sym \
  --cmf=dist/default/debug\Greenhouse.X.debug.cmf -z -Q18F4550 \
  -oC:\Users\iaman\AppData\Local\Temp\s4uk.2 --defsym=__MPLAB_BUILD=1 \
  -Mdist/default/debug/Greenhouse.X.debug.map -E1 -ver=XC8 --acfsm=1493 \
  -ASTACK=0B1h-07FFh -pstack=STACK -ACODE=00h-07FFFh -ACONST=00h-07FFFh \
  -ASMALLCONST=0800h-08FFhx120 -AMEDIUMCONST=0800h-07FFFh -ACOMRAM=01h-05Fh \
  -AABS1=00h-07FFh -ABIGRAM=01h-07FFh -ARAM=060h-0FFh,0100h-01FFhx7 \
  -ABANK0=060h-0FFh -ABANK1=0100h-01FFh -ABANK2=0200h-02FFh \
  -ABANK3=0300h-03FFh -ABANK4=0400h-04FFh -ABANK5=0500h-05FFh \
  -ABANK6=0600h-06FFh -ABANK7=0700h-07FFh -ASFR=0F60h-0FFFh \
  -preset_vec=00h,intcode,intcodelo,powerup,init -pramtop=0800h \
  -psmallconst=SMALLCONST -pmediumconst=MEDIUMCONST -pconst=CONST \
  -AFARRAM=00h-00h -ACONFIG=0300000h-030000Dh -pconfig=CONFIG \
  -AIDLOC=0200000h-0200007h -pidloc=IDLOC -AEEDATA=0F00000h-0F000FFh \
  -peeprom_data=EEDATA \
  -prdata=COMRAM,nvrram=COMRAM,nvbit=COMRAM,rbss=COMRAM,rbit=COMRAM \
  -pfarbss=FARRAM,fardata=FARRAM,nvFARRAM=FARRAM \
  -pintsave_regs=BIGRAM,bigbss=BIGRAM,bigdata=BIGRAM -pbss=RAM \
  -pidata=CODE,irdata=CODE,ibigdata=CODE,ifardata=CODE -prparam=COMRAM \
  C:\Users\iaman\AppData\Local\Temp\s4uk.o \
  dist/default/debug\Greenhouse.X.debug.o 

Object code version is 3.11

Machine type is 18F4550

Call graph: (short form)




                Name                               Link     Load   Length Selector   Space Scale
C:\Users\iaman\AppData\Local\Temp\s4uk.o
                init                                  0        0        4        0       0
                idloc                            200000   200000        8   200000       0
                config                           300000   300000        E   300000       0
dist/default/debug\Greenhouse.X.debug.o
                smallconst                          800      800       16      400       0
                text29                             20A2     20A2       14      40B       0
                text28                             1D0C     1D0C       7A      40B       0
                text27                             2084     2084       1E      40B       0
                text26                             20B6     20B6        8      40B       0
                text25                             1FE8     1FE8       32      40B       0
                text24                             2066     2066       1E      40B       0
                text23                             1E2E     1E2E       52      40B       0
                text22                             1F82     1F82       34      40B       0
                text21                              EBE      EBE      288      40B       0
                text20                             1A4C     1A4C       D0      40B       0
                text19                              B6C      B6C      352      40B       0
                text18                             1B1C     1B1C       BA      40B       0
                text17                             16B6     16B6      140      40B       0
                text16                             17F6     17F6      132      40B       0
                text15                             1F0C     1F0C       3E      40B       0
                text14                             1ECE     1ECE       3E      40B       0
                text13                             20BE     20BE        2      40B       0
                text12                             1BD6     1BD6       A0      40B       0
                text11                             1F4A     1F4A       38      40B       0
                text10                             201A     201A       2A      40B       0
                text9                              1C76     1C76       96      40B       0
                text8                              1E80     1E80       4E      40B       0
                text7                              156E     156E      148      40B       0
                text6                              1928     1928      124      40B       0
                text5                              1FB6     1FB6       32      40B       0
                text4                              1146     1146      242      40B       0
                text3                              1388     1388      1E6      40B       0
                text2                              1D86     1D86       56      40B       0
                text1                              1DDC     1DDC       52      40B       0
                text0                               816      816      356      40B       0
                cstackCOMRAM                          1        1       59        1       1
                cstackBANK0                          60       60       2F       60       1
                bssBANK0                             8F       8F       22       60       1
                bssCOMRAM                            5A       5A        6        1       1
                cinit                              2044     2044       22      40B       0

TOTAL           Name                               Link     Load   Length     Space
        CLASS   STACK          

        CLASS   CODE           
                init                                  0        0        4         0
                text29                             20A2     20A2       14         0
                text28                             1D0C     1D0C       7A         0
                text27                             2084     2084       1E         0
                text26                             20B6     20B6        8         0
                text25                             1FE8     1FE8       32         0
                text24                             2066     2066       1E         0
                text23                             1E2E     1E2E       52         0
                text22                             1F82     1F82       34         0
                text21                              EBE      EBE      288         0
                text20                             1A4C     1A4C       D0         0
                text19                              B6C      B6C      352         0
                text18                             1B1C     1B1C       BA         0
                text17                             16B6     16B6      140         0
                text16                             17F6     17F6      132         0
                text15                             1F0C     1F0C       3E         0
                text14                             1ECE     1ECE       3E         0
                text13                             20BE     20BE        2         0
                text12                             1BD6     1BD6       A0         0
                text11                             1F4A     1F4A       38         0
                text10                             201A     201A       2A         0
                text9                              1C76     1C76       96         0
                text8                              1E80     1E80       4E         0
                text7                              156E     156E      148         0
                text6                              1928     1928      124         0
                text5                              1FB6     1FB6       32         0
                text4                              1146     1146      242         0
                text3                              1388     1388      1E6         0
                text2                              1D86     1D86       56         0
                text1                              1DDC     1DDC       52         0
                text0                               816      816      356         0
                cinit                              2044     2044       22         0

        CLASS   CONST          

        CLASS   SMALLCONST     
                smallconst                          800      800       16         0

        CLASS   MEDIUMCONST    

        CLASS   COMRAM         
                cstackCOMRAM                          1        1       59         1
                bssCOMRAM                            5A       5A        6         1

        CLASS   ABS1           

        CLASS   BIGRAM         

        CLASS   RAM            

        CLASS   BANK0          
                cstackBANK0                          60       60       2F         1
                bssBANK0                             8F       8F       22         1

        CLASS   BANK1          

        CLASS   BANK2          

        CLASS   BANK3          

        CLASS   BANK4          

        CLASS   BANK5          

        CLASS   BANK6          

        CLASS   BANK7          

        CLASS   SFR            

        CLASS   FARRAM         

        CLASS   CONFIG         
                config                           300000   300000        E         0

        CLASS   IDLOC          
                idloc                            200000   200000        8         0

        CLASS   EEDATA         



SEGMENTS        Name                           Load    Length   Top    Selector   Space  Class

                reset_vec                      000000  000004  000004         0       0  CODE    
                cstackCOMRAM                   000001  00005F  000060         1       1  COMRAM  
                cstackBANK0                    000060  000051  0000B1        60       1  BANK0   
                smallconst                     000800  000016  000816       400       0  SMALLCON
                text0                          000816  0018AA  0020C0       40B       0  CODE    
                idloc                          200000  000008  200008    200000       0  IDLOC   
                config                         300000  00000E  30000E    300000       0  CONFIG  


UNUSED ADDRESS RANGES

        Name                Unused          Largest block    Delta
        BANK0            0000B1-0000FF               4F
        BANK1            000100-0001FF              100
        BANK2            000200-0002FF              100
        BANK3            000300-0003FF              100
        BANK4            000400-0004FF              100
        BANK5            000500-0005FF              100
        BANK6            000600-0006FF              100
        BANK7            000700-0007FF              100
        BIGRAM           0000B1-0007FF              74F
        CODE             000004-0007FF              7FC
                         0020C0-007FFF             5F40
        CONST            000004-0007FF              7FC
                         0020C0-007FFF             5F40
        EEDATA           F00000-F000FF              100
        MEDIUMCONST      0020C0-007FFF             5F40
        RAM              0000B1-0007FF              100
        SFR              000F60-000FFF               A0
        SMALLCONST       0020C0-007FFF              100
        STACK            0000B1-0007FF              74F

                                  Symbol Table

?_ADC_Read               cstackCOMRAM 000001
?___aodiv                cstackCOMRAM 000001
?___aomod                cstackCOMRAM 000001
?___fldiv                cstackCOMRAM 000030
?___flmul                cstackCOMRAM 000017
?___fltol                cstackCOMRAM 000001
?___xxtofl               cstackCOMRAM 000009
?_abs                    cstackCOMRAM 000013
?_ctoa                   cstackCOMRAM 00001C
?_dtoa                   cstackCOMRAM 00001C
?_pad                    cstackCOMRAM 000011
?_sprintf                cstackBANK0  000060
?_strlen                 cstackCOMRAM 000001
?_vfpfcnvrt              cstackCOMRAM 000040
?_vfprintf               cstackCOMRAM 000051
ADC_Read@channel         cstackCOMRAM 000001
ADC_Read@digital         cstackCOMRAM 000007
LCD_Char@dat             cstackCOMRAM 000002
LCD_Command@cmd          cstackCOMRAM 000002
LCD_String@msg           cstackCOMRAM 000003
LCD_String_xy@location   cstackCOMRAM 000009
LCD_String_xy@msg        cstackCOMRAM 000006
LCD_String_xy@pos        cstackCOMRAM 000005
LCD_String_xy@row        cstackCOMRAM 000008
_ADCON0                  (abs)        000FC2
_ADCON0bits              (abs)        000FC2
_ADCON1                  (abs)        000FC1
_ADCON2                  (abs)        000FC0
_ADC_Init                text29       0020A2
_ADC_Read                text28       001D0C
_ADON                    (abs)        007E10
_ADRESH                  (abs)        000FC4
_ADRESL                  (abs)        000FC3
_GO                      (abs)        007E11
_LATAbits                (abs)        000F89
_LATB                    (abs)        000F8A
_LATCbits                (abs)        000F8B
_LATD0                   (abs)        007C60
_LATD1                   (abs)        007C61
_LCD_Char                text24       002066
_LCD_Clear               text26       0020B6
_LCD_Command             text27       002084
_LCD_Init                text25       001FE8
_LCD_String              text23       001E2E
_LCD_String_xy           text22       001F82
_OSCCON                  (abs)        000FD3
_TRISA                   (abs)        000F92
_TRISAbits               (abs)        000F92
_TRISB                   (abs)        000F93
_TRISC                   (abs)        000F94
_TRISD                   (abs)        000F95
__CFG_BOR$ON             (abs)        000000
__CFG_BORV$3             (abs)        000000
__CFG_CCP2MX$ON          (abs)        000000
__CFG_CP0$OFF            (abs)        000000
__CFG_CP1$OFF            (abs)        000000
__CFG_CP2$OFF            (abs)        000000
__CFG_CP3$OFF            (abs)        000000
__CFG_CPB$OFF            (abs)        000000
__CFG_CPD$OFF            (abs)        000000
__CFG_CPUDIV$OSC1_PLL2   (abs)        000000
__CFG_EBTR0$OFF          (abs)        000000
__CFG_EBTR1$OFF          (abs)        000000
__CFG_EBTR2$OFF          (abs)        000000
__CFG_EBTR3$OFF          (abs)        000000
__CFG_EBTRB$OFF          (abs)        000000
__CFG_FCMEN$OFF          (abs)        000000
__CFG_FOSC$EC_EC         (abs)        000000
__CFG_ICPRT$OFF          (abs)        000000
__CFG_IESO$OFF           (abs)        000000
__CFG_LPT1OSC$OFF        (abs)        000000
__CFG_LVP$ON             (abs)        000000
__CFG_MCLRE$ON           (abs)        000000
__CFG_PBADEN$ON          (abs)        000000
__CFG_PLLDIV$1           (abs)        000000
__CFG_PWRT$OFF           (abs)        000000
__CFG_STVREN$ON          (abs)        000000
__CFG_USBDIV$1           (abs)        000000
__CFG_VREGEN$OFF         (abs)        000000
__CFG_WDT$ON             (abs)        000000
__CFG_WDTPS$32768        (abs)        000000
__CFG_WRT0$OFF           (abs)        000000
__CFG_WRT1$OFF           (abs)        000000
__CFG_WRT2$OFF           (abs)        000000
__CFG_WRT3$OFF           (abs)        000000
__CFG_WRTB$OFF           (abs)        000000
__CFG_WRTC$OFF           (abs)        000000
__CFG_WRTD$OFF           (abs)        000000
__CFG_XINST$OFF          (abs)        000000
__HRAM                   (abs)        000000
__Habs1                  abs1         000000
__Hbank0                 bank0        000000
__Hbank1                 bank1        000000
__Hbank2                 bank2        000000
__Hbank3                 bank3        000000
__Hbank4                 bank4        000000
__Hbank5                 bank5        000000
__Hbank6                 bank6        000000
__Hbank7                 bank7        000000
__Hbigbss                bigbss       000000
__Hbigdata               bigdata      000000
__Hbigram                bigram       000000
__Hbss                   bss          000000
__HbssBANK0              bssBANK0     000000
__HbssCOMRAM             bssCOMRAM    000000
__Hcinit                 cinit        000000
__Hclrtext               clrtext      000000
__Hcomram                comram       000000
__Hconfig                config       30000E
__Hconst                 const        000000
__HcstackBANK0           cstackBANK0  000000
__HcstackCOMRAM          cstackCOMRAM 000000
__Hdata                  data         000000
__Heeprom_data           eeprom_data  000000
__Hfarbss                farbss       000000
__Hfardata               fardata      000000
__Hibigdata              ibigdata     000000
__Hidata                 idata        000000
__Hidloc                 idloc        200008
__Hifardata              ifardata     000000
__Hinit                  init         000004
__Hintcode               intcode      000000
__Hintcode_body          intcode_body 000000
__Hintcodelo             intcodelo    000000
__Hintentry              intentry     000000
__Hintret                intret       000000
__Hintsave_regs          intsave_regs 000000
__Hirdata                irdata       000000
__Hmediumconst           mediumconst  000000
__HnvFARRAM              nvFARRAM     000000
__Hnvbit                 nvbit        000000
__Hnvrram                nvrram       000000
__Hparam                 rparam       000000
__Hpowerup               powerup      000000
__Hram                   ram          000000
__Hramtop                ramtop       000800
__Hrbit                  rbit         000000
__Hrbss                  rbss         000000
__Hrdata                 rdata        000000
__Hreset_vec             reset_vec    000000
__Hrparam                rparam       000000
__Hsfr                   sfr          000000
__Hsmallconst            smallconst   000816
__Hspace_0               (abs)        30000E
__Hspace_1               (abs)        0000B1
__Hspace_2               (abs)        000000
__Hstack                 stack        000000
__Hstruct                struct       000000
__Htemp                  temp         000000
__Htext                  text         000000
__Htext0                 text0        000000
__Htext1                 text1        000000
__Htext10                text10       000000
__Htext11                text11       000000
__Htext12                text12       000000
__Htext13                text13       000000
__Htext14                text14       000000
__Htext15                text15       000000
__Htext16                text16       000000
__Htext17                text17       000000
__Htext18                text18       000000
__Htext19                text19       000000
__Htext2                 text2        000000
__Htext20                text20       000000
__Htext21                text21       000000
__Htext22                text22       000000
__Htext23                text23       000000
__Htext24                text24       000000
__Htext25                text25       000000
__Htext26                text26       000000
__Htext27                text27       000000
__Htext28                text28       000000
__Htext29                text29       000000
__Htext3                 text3        000000
__Htext4                 text4        000000
__Htext5                 text5        000000
__Htext6                 text6        000000
__Htext7                 text7        000000
__Htext8                 text8        000000
__Htext9                 text9        000000
__LRAM                   (abs)        000001
__Labs1                  abs1         000000
__Lbank0                 bank0        000000
__Lbank1                 bank1        000000
__Lbank2                 bank2        000000
__Lbank3                 bank3        000000
__Lbank4                 bank4        000000
__Lbank5                 bank5        000000
__Lbank6                 bank6        000000
__Lbank7                 bank7        000000
__Lbigbss                bigbss       000000
__Lbigdata               bigdata      000000
__Lbigram                bigram       000000
__Lbss                   bss          000000
__LbssBANK0              bssBANK0     000000
__LbssCOMRAM             bssCOMRAM    000000
__Lcinit                 cinit        000000
__Lclrtext               clrtext      000000
__Lcomram                comram       000000
__Lconfig                config       300000
__Lconst                 const        000000
__LcstackBANK0           cstackBANK0  000000
__LcstackCOMRAM          cstackCOMRAM 000000
__Ldata                  data         000000
__Leeprom_data           eeprom_data  000000
__Lfarbss                farbss       000000
__Lfardata               fardata      000000
__Libigdata              ibigdata     000000
__Lidata                 idata        000000
__Lidloc                 idloc        200000
__Lifardata              ifardata     000000
__Linit                  init         000000
__Lintcode               intcode      000000
__Lintcode_body          intcode_body 000000
__Lintcodelo             intcodelo    000000
__Lintentry              intentry     000000
__Lintret                intret       000000
__Lintsave_regs          intsave_regs 000000
__Lirdata                irdata       000000
__Lmediumconst           mediumconst  000000
__LnvFARRAM              nvFARRAM     000000
__Lnvbit                 nvbit        000000
__Lnvrram                nvrram       000000
__Lparam                 rparam       000000
__Lpowerup               powerup      000000
__Lram                   ram          000000
__Lramtop                ramtop       000800
__Lrbit                  rbit         000000
__Lrbss                  rbss         000000
__Lrdata                 rdata        000000
__Lreset_vec             reset_vec    000000
__Lrparam                rparam       000000
__Lsfr                   sfr          000000
__Lsmallconst            smallconst   000800
__Lspace_0               (abs)        000000
__Lspace_1               (abs)        000000
__Lspace_2               (abs)        000000
__Lstack                 stack        000000
__Lstruct                struct       000000
__Ltemp                  temp         000000
__Ltext                  text         000000
__Ltext0                 text0        000000
__Ltext1                 text1        000000
__Ltext10                text10       000000
__Ltext11                text11       000000
__Ltext12                text12       000000
__Ltext13                text13       000000
__Ltext14                text14       000000
__Ltext15                text15       000000
__Ltext16                text16       000000
__Ltext17                text17       000000
__Ltext18                text18       000000
__Ltext19                text19       000000
__Ltext2                 text2        000000
__Ltext20                text20       000000
__Ltext21                text21       000000
__Ltext22                text22       000000
__Ltext23                text23       000000
__Ltext24                text24       000000
__Ltext25                text25       000000
__Ltext26                text26       000000
__Ltext27                text27       000000
__Ltext28                text28       000000
__Ltext29                text29       000000
__Ltext3                 text3        000000
__Ltext4                 text4        000000
__Ltext5                 text5        000000
__Ltext6                 text6        000000
__Ltext7                 text7        000000
__Ltext8                 text8        000000
__Ltext9                 text9        000000
__S0                     (abs)        30000E
__S1                     (abs)        0000B1
__S2                     (abs)        000000
___aodiv                 text7        00156E
___aodiv@counter         cstackCOMRAM 000011
___aodiv@dividend        cstackCOMRAM 000001
___aodiv@divisor         cstackCOMRAM 000009
___aodiv@quotient        cstackCOMRAM 000013
___aodiv@sign            cstackCOMRAM 000012
___aomod                 text6        001928
___aomod@counter         cstackCOMRAM 000011
___aomod@dividend        cstackCOMRAM 000001
___aomod@divisor         cstackCOMRAM 000009
___aomod@sign            cstackCOMRAM 000012
___fldiv                 text21       000EBE
___fldiv@a               cstackCOMRAM 000034
___fldiv@aexp            cstackCOMRAM 000048
___fldiv@b               cstackCOMRAM 000030
___fldiv@bexp            cstackCOMRAM 000047
___fldiv@grs             cstackCOMRAM 000043
___fldiv@new_exp         cstackCOMRAM 000041
___fldiv@rem             cstackCOMRAM 00003C
___fldiv@sign            cstackCOMRAM 000040
___flge                  text20       001A4C
___flge@ff1              cstackCOMRAM 000001
___flge@ff2              cstackCOMRAM 000005
___flmul                 text19       000B6C
___flmul@a               cstackCOMRAM 00001B
___flmul@aexp            cstackCOMRAM 000028
___flmul@b               cstackCOMRAM 000017
___flmul@bexp            cstackCOMRAM 000029
___flmul@grs             cstackCOMRAM 000024
___flmul@prod            cstackCOMRAM 00002A
___flmul@sign            cstackCOMRAM 000023
___flmul@temp            cstackCOMRAM 00002E
___fltol                 text18       001B1C
___fltol@exp1            cstackCOMRAM 00000A
___fltol@f1              cstackCOMRAM 000001
___fltol@sign1           cstackCOMRAM 000009
___inthi_sp              stack        000000
___intlo_sp              stack        000000
___param_bank            (abs)        000000
___rparam_used           (abs)        000001
___sp                    stack        000000
___xxtofl                text17       0016B6
___xxtofl@arg            cstackCOMRAM 000013
___xxtofl@exp            cstackCOMRAM 000012
___xxtofl@sign           cstackCOMRAM 000011
___xxtofl@val            cstackCOMRAM 000009
__accesstop              (abs)        000060
__activetblptr           (abs)        000002
__end_of_ADC_Init        text29       0020B6
__end_of_ADC_Read        text28       001D86
__end_of_LCD_Char        text24       002084
__end_of_LCD_Clear       text26       0020BE
__end_of_LCD_Command     text27       0020A2
__end_of_LCD_Init        text25       00201A
__end_of_LCD_String      text23       001E80
__end_of_LCD_String_xy   text22       001FB6
__end_of___aodiv         text7        0016B6
__end_of___aomod         text6        001A4C
__end_of___fldiv         text21       001146
__end_of___flge          text20       001B1C
__end_of___flmul         text19       000EBE
__end_of___fltol         text18       001BD6
__end_of___xxtofl        text17       0017F6
__end_of__initialization cinit        00205C
__end_of_abs             text5        001FE8
__end_of_ctoa            text8        001ECE
__end_of_dtoa            text4        001388
__end_of_fputc           text12       001C76
__end_of_fputs           text11       001F82
__end_of_main            text0        000B6C
__end_of_memset          text16       001928
__end_of_pad             text9        001D0C
__end_of_putch           text13       0020C0
__end_of_servoRotate0    text15       001F4A
__end_of_servoRotate90   text14       001F0C
__end_of_sprintf         text1        001E2E
__end_of_strlen          text10       002044
__end_of_vfpfcnvrt       text3        00156E
__end_of_vfprintf        text2        001DDC
__initialization         cinit        002044
__mediumconst            mediumconst  000000
__pbssBANK0              bssBANK0     00008F
__pbssCOMRAM             bssCOMRAM    00005A
__pcinit                 cinit        002044
__pcstackBANK0           cstackBANK0  000060
__pcstackCOMRAM          cstackCOMRAM 000001
__psmallconst            smallconst   000800
__ptext0                 text0        000816
__ptext1                 text1        001DDC
__ptext10                text10       00201A
__ptext11                text11       001F4A
__ptext12                text12       001BD6
__ptext13                text13       0020BE
__ptext14                text14       001ECE
__ptext15                text15       001F0C
__ptext16                text16       0017F6
__ptext17                text17       0016B6
__ptext18                text18       001B1C
__ptext19                text19       000B6C
__ptext2                 text2        001D86
__ptext20                text20       001A4C
__ptext21                text21       000EBE
__ptext22                text22       001F82
__ptext23                text23       001E2E
__ptext24                text24       002066
__ptext25                text25       001FE8
__ptext26                text26       0020B6
__ptext27                text27       002084
__ptext28                text28       001D0C
__ptext29                text29       0020A2
__ptext3                 text3        001388
__ptext4                 text4        001146
__ptext5                 text5        001FB6
__ptext6                 text6        001928
__ptext7                 text7        00156E
__ptext8                 text8        001E80
__ptext9                 text9        001C76
__ramtop                 ramtop       000800
__size_of_ADC_Init       (abs)        000000
__size_of_ADC_Read       (abs)        000000
__size_of_LCD_Char       (abs)        000000
__size_of_LCD_Clear      (abs)        000000
__size_of_LCD_Command    (abs)        000000
__size_of_LCD_Init       (abs)        000000
__size_of_LCD_String     (abs)        000000
__size_of_LCD_String_xy  (abs)        000000
__size_of___aodiv        (abs)        000000
__size_of___aomod        (abs)        000000
__size_of___fldiv        (abs)        000000
__size_of___flge         (abs)        000000
__size_of___flmul        (abs)        000000
__size_of___fltol        (abs)        000000
__size_of___xxtofl       (abs)        000000
__size_of_abs            (abs)        000000
__size_of_ctoa           (abs)        000000
__size_of_dtoa           (abs)        000000
__size_of_fputc          (abs)        000000
__size_of_fputs          (abs)        000000
__size_of_main           (abs)        000000
__size_of_memset         (abs)        000000
__size_of_pad            (abs)        000000
__size_of_putch          (abs)        000000
__size_of_servoRotate0   (abs)        000000
__size_of_servoRotate90  (abs)        000000
__size_of_sprintf        (abs)        000000
__size_of_strlen         (abs)        000000
__size_of_vfpfcnvrt      (abs)        000000
__size_of_vfprintf       (abs)        000000
__smallconst             smallconst   000800
_abs                     text5        001FB6
_ctoa                    text8        001E80
_dbuf                    bssBANK0     000091
_dtoa                    text4        001146
_dtoa$387                cstackCOMRAM 00002E
_flags                   bssCOMRAM    00005E
_fputc                   text12       001BD6
_fputs                   text11       001F4A
_main                    text0        000816
_main$171                cstackBANK0  000086
_memset                  text16       0017F6
_nout                    bssBANK0     00008F
_pad                     text9        001C76
_prec                    bssCOMRAM    00005C
_putch                   text13       0020BE
_servoRotate0            text15       001F0C
_servoRotate90           text14       001ECE
_sprintf                 text1        001DDC
_strlen                  text10       00201A
_vfpfcnvrt               text3        001388
_vfprintf                text2        001D86
_width                   bssCOMRAM    00005A
abs@a                    cstackCOMRAM 000013
ctoa@c                   cstackCOMRAM 00001E
ctoa@fp                  cstackCOMRAM 00001C
ctoa@w                   cstackCOMRAM 00001F
dtoa@d                   cstackCOMRAM 00001E
dtoa@fp                  cstackCOMRAM 00001C
dtoa@i                   cstackCOMRAM 00003E
dtoa@n                   cstackCOMRAM 000036
dtoa@p                   cstackCOMRAM 000030
dtoa@s                   cstackCOMRAM 000034
dtoa@w                   cstackCOMRAM 000032
end_of_initialization    cinit        00205C
fputc@c                  cstackCOMRAM 000001
fputc@fp                 cstackCOMRAM 000003
fputs@c                  cstackCOMRAM 00000E
fputs@fp                 cstackCOMRAM 00000C
fputs@i                  cstackCOMRAM 00000F
fputs@s                  cstackCOMRAM 00000A
intlevel0                text         000000
intlevel1                text         000000
intlevel2                text         000000
intlevel3                text         000000
main@Soil                cstackBANK0  00007C
main@Temperature         cstackBANK0  000072
main@soil                cstackBANK0  000087
main@temp                cstackBANK0  00008B
memset@c                 cstackCOMRAM 000003
memset@dest              cstackCOMRAM 000001
memset@k                 cstackCOMRAM 000009
memset@n                 cstackCOMRAM 000005
memset@s                 cstackCOMRAM 00000B
pad@buf                  cstackCOMRAM 000013
pad@fp                   cstackCOMRAM 000011
pad@i                    cstackCOMRAM 000018
pad@p                    cstackCOMRAM 000015
pad@w                    cstackCOMRAM 00001A
servoRotate0@i           cstackCOMRAM 000002
servoRotate90@i          cstackCOMRAM 000002
sprintf@ap               cstackBANK0  00006A
sprintf@f                cstackBANK0  00006C
sprintf@fmt              cstackBANK0  000062
sprintf@s                cstackBANK0  000060
stackhi                  (abs)        0007FF
stacklo                  (abs)        0000B1
start                    init         000000
start_initialization     cinit        002044
strlen@a                 cstackCOMRAM 000003
strlen@s                 cstackCOMRAM 000001
vfpfcnvrt@ap             cstackCOMRAM 000044
vfpfcnvrt@c              cstackCOMRAM 000050
vfpfcnvrt@fmt            cstackCOMRAM 000042
vfpfcnvrt@fp             cstackCOMRAM 000040
vfpfcnvrt@ll             cstackCOMRAM 000048
vfprintf@ap              cstackCOMRAM 000055
vfprintf@cfmt            cstackCOMRAM 000057
vfprintf@fmt             cstackCOMRAM 000053
vfprintf@fp              cstackCOMRAM 000051


FUNCTION INFORMATION:

 *************** function _main *****************
 Defined at:
		line 10 in file "main.c"
 Parameters:    Size  Location     Type
		None
 Auto vars:     Size  Location     Type
  Soil           10   28[BANK0 ] unsigned char [10]
  Temperature    10   18[BANK0 ] unsigned char [10]
  temp            4   43[BANK0 ] float 
  soil            4   39[BANK0 ] float 
 Return value:  Size  Location     Type
                  1    wreg      void 
 Registers used:
		wreg, fsr1l, fsr1h, fsr2l, fsr2h, status,2, status,0, tblptrl, tblptrh, tblptru, prodl, prodh, cstack
 Tracked objects:
		On entry : 
		On exit  : 
		Unchanged: 
 Data sizes:     COMRAM   BANK0   BANK1   BANK2   BANK3   BANK4   BANK5   BANK6   BANK7
      Params:         0       0       0       0       0       0       0       0       0
      Locals:         0      29       0       0       0       0       0       0       0
      Temps:          1       0       0       0       0       0       0       0       0
      Totals:         1      29       0       0       0       0       0       0       0
Total ram usage:       30 bytes
 Hardware stack levels required when called:    8
 This function calls:
		_ADC_Init
		_ADC_Read
		_LCD_Clear
		_LCD_Init
		_LCD_String_xy
		___fldiv
		___flge
		___flmul
		___fltol
		___xxtofl
		_memset
		_servoRotate0
		_servoRotate90
		_sprintf
 This function is called by:
		Startup code after reset
 This function uses a non-reentrant model


 *************** function _sprintf *****************
 Defined at:
		line 9 in file "C:\Program Files (x86)\Microchip\xc8\v2.05\pic\sources\c99\common\nf_sprintf.c"
 Parameters:    Size  Location     Type
  s               2    0[BANK0 ] PTR unsigned char 
		 -> main@Soil(10), main@Temperature(10), 
  fmt             2    2[BANK0 ] PTR const unsigned char 
		 -> STR_2(5), STR_1(6), 
 Auto vars:     Size  Location     Type
  f               6   12[BANK0 ] struct _IO_FILE
  ap              2   10[BANK0 ] PTR void [1]
		 -> ?_sprintf(2), 
  ret             2    0        int 
 Return value:  Size  Location     Type
                  2    0[BANK0 ] int 
 Registers used:
		wreg, fsr1l, fsr1h, fsr2l, fsr2h, status,2, status,0, tblptrl, tblptrh, tblptru, cstack
 Tracked objects:
		On entry : 
		On exit  : 
		Unchanged: 
 Data sizes:     COMRAM   BANK0   BANK1   BANK2   BANK3   BANK4   BANK5   BANK6   BANK7
      Params:         0       8       0       0       0       0       0       0       0
      Locals:         0      10       0       0       0       0       0       0       0
      Temps:          0       0       0       0       0       0       0       0       0
      Totals:         0      18       0       0       0       0       0       0       0
Total ram usage:       18 bytes
 Hardware stack levels used:    1
 Hardware stack levels required when called:    7
 This function calls:
		_vfprintf
 This function is called by:
		_main
 This function uses a non-reentrant model


 *************** function _vfprintf *****************
 Defined at:
		line 1368 in file "C:\Program Files (x86)\Microchip\xc8\v2.05\pic\sources\c99\common\doprnt.c"
 Parameters:    Size  Location     Type
  fp              2   80[COMRAM] PTR struct _IO_FILE
		 -> sprintf@f(6), 
  fmt             2   82[COMRAM] PTR const unsigned char 
		 -> STR_2(5), STR_1(6), 
  ap              2   84[COMRAM] PTR PTR void 
		 -> sprintf@ap(2), 
 Auto vars:     Size  Location     Type
  cfmt            2   86[COMRAM] PTR unsigned char 
		 -> STR_2(5), STR_1(6), 
 Return value:  Size  Location     Type
                  2   80[COMRAM] int 
 Registers used:
		wreg, fsr1l, fsr1h, fsr2l, fsr2h, status,2, status,0, tblptrl, tblptrh, tblptru, cstack
 Tracked objects:
		On entry : 
		On exit  : 
		Unchanged: 
 Data sizes:     COMRAM   BANK0   BANK1   BANK2   BANK3   BANK4   BANK5   BANK6   BANK7
      Params:         6       0       0       0       0       0       0       0       0
      Locals:         2       0       0       0       0       0       0       0       0
      Temps:          0       0       0       0       0       0       0       0       0
      Totals:         8       0       0       0       0       0       0       0       0
Total ram usage:        8 bytes
 Hardware stack levels used:    1
 Hardware stack levels required when called:    6
 This function calls:
		_vfpfcnvrt
 This function is called by:
		_sprintf
 This function uses a non-reentrant model


 *************** function _vfpfcnvrt *****************
 Defined at:
		line 670 in file "C:\Program Files (x86)\Microchip\xc8\v2.05\pic\sources\c99\common\doprnt.c"
 Parameters:    Size  Location     Type
  fp              2   63[COMRAM] PTR struct _IO_FILE
		 -> sprintf@f(6), 
  fmt             2   65[COMRAM] PTR PTR unsigned char 
		 -> vfprintf@cfmt(2), 
  ap              2   67[COMRAM] PTR PTR void 
		 -> sprintf@ap(2), 
 Auto vars:     Size  Location     Type
  ll              8   71[COMRAM] long long 
  llu             8    0        unsigned long long 
  f               4    0        unsigned long long 
  vp              3    0        PTR void 
  ct              3    0        unsigned char [3]
  cp              3    0        PTR unsigned char 
  i               2    0        int 
  done            2    0        int 
  c               1   79[COMRAM] unsigned char 
 Return value:  Size  Location     Type
                  2   63[COMRAM] int 
 Registers used:
		wreg, fsr1l, fsr1h, fsr2l, fsr2h, status,2, status,0, tblptrl, tblptrh, tblptru, cstack
 Tracked objects:
		On entry : 
		On exit  : 
		Unchanged: 
 Data sizes:     COMRAM   BANK0   BANK1   BANK2   BANK3   BANK4   BANK5   BANK6   BANK7
      Params:         6       0       0       0       0       0       0       0       0
      Locals:         9       0       0       0       0       0       0       0       0
      Temps:          2       0       0       0       0       0       0       0       0
      Totals:        17       0       0       0       0       0       0       0       0
Total ram usage:       17 bytes
 Hardware stack levels used:    1
 Hardware stack levels required when called:    5
 This function calls:
		_ctoa
		_dtoa
		_fputc
 This function is called by:
		_vfprintf
 This function uses a non-reentrant model


 *************** function _dtoa *****************
 Defined at:
		line 274 in file "C:\Program Files (x86)\Microchip\xc8\v2.05\pic\sources\c99\common\doprnt.c"
 Parameters:    Size  Location     Type
  fp              2   27[COMRAM] PTR struct _IO_FILE
		 -> sprintf@f(6), 
  d               8   29[COMRAM] long long 
 Auto vars:     Size  Location     Type
  n               8   53[COMRAM] long long 
  i               2   61[COMRAM] int 
  s               2   51[COMRAM] int 
  w               2   49[COMRAM] int 
  p               2   47[COMRAM] int 
 Return value:  Size  Location     Type
                  2   27[COMRAM] int 
 Registers used:
		wreg, fsr1l, fsr1h, fsr2l, fsr2h, status,2, status,0, cstack
 Tracked objects:
		On entry : 
		On exit  : 
		Unchanged: 
 Data sizes:     COMRAM   BANK0   BANK1   BANK2   BANK3   BANK4   BANK5   BANK6   BANK7
      Params:        10       0       0       0       0       0       0       0       0
      Locals:        18       0       0       0       0       0       0       0       0
      Temps:          8       0       0       0       0       0       0       0       0
      Totals:        36       0       0       0       0       0       0       0       0
Total ram usage:       36 bytes
 Hardware stack levels used:    1
 Hardware stack levels required when called:    4
 This function calls:
		___aodiv
		___aomod
		_abs
		_pad
 This function is called by:
		_vfpfcnvrt
 This function uses a non-reentrant model


 *************** function _abs *****************
 Defined at:
		line 1 in file "C:\Program Files (x86)\Microchip\xc8\v2.05\pic\sources\c99\common\abs.c"
 Parameters:    Size  Location     Type
  a               2   18[COMRAM] int 
 Auto vars:     Size  Location     Type
		None
 Return value:  Size  Location     Type
                  2   18[COMRAM] int 
 Registers used:
		wreg, status,2, status,0
 Tracked objects:
		On entry : 
		On exit  : 
		Unchanged: 
 Data sizes:     COMRAM   BANK0   BANK1   BANK2   BANK3   BANK4   BANK5   BANK6   BANK7
      Params:         2       0       0       0       0       0       0       0       0
      Locals:         0       0       0       0       0       0       0       0       0
      Temps:          2       0       0       0       0       0       0       0       0
      Totals:         4       0       0       0       0       0       0       0       0
Total ram usage:        4 bytes
 Hardware stack levels used:    1
 This function calls:
		Nothing
 This function is called by:
		_dtoa
 This function uses a non-reentrant model


 *************** function ___aomod *****************
 Defined at:
		line 9 in file "C:\Program Files (x86)\Microchip\xc8\v2.05\pic\sources\c99\common\aomod.c"
 Parameters:    Size  Location     Type
  dividend        8    0[COMRAM] long long 
  divisor         8    8[COMRAM] long long 
 Auto vars:     Size  Location     Type
  sign            1   17[COMRAM] unsigned char 
  counter         1   16[COMRAM] unsigned char 
 Return value:  Size  Location     Type
                  8    0[COMRAM] long long 
 Registers used:
		wreg, status,2, status,0
 Tracked objects:
		On entry : 
		On exit  : 
		Unchanged: 
 Data sizes:     COMRAM   BANK0   BANK1   BANK2   BANK3   BANK4   BANK5   BANK6   BANK7
      Params:        16       0       0       0       0       0       0       0       0
      Locals:         2       0       0       0       0       0       0       0       0
      Temps:          0       0       0       0       0       0       0       0       0
      Totals:        18       0       0       0       0       0       0       0       0
Total ram usage:       18 bytes
 Hardware stack levels used:    1
 This function calls:
		Nothing
 This function is called by:
		_dtoa
 This function uses a non-reentrant model


 *************** function ___aodiv *****************
 Defined at:
		line 9 in file "C:\Program Files (x86)\Microchip\xc8\v2.05\pic\sources\c99\common\aodiv.c"
 Parameters:    Size  Location     Type
  dividend        8    0[COMRAM] long long 
  divisor         8    8[COMRAM] long long 
 Auto vars:     Size  Location     Type
  quotient        8   18[COMRAM] long long 
  sign            1   17[COMRAM] unsigned char 
  counter         1   16[COMRAM] unsigned char 
 Return value:  Size  Location     Type
                  8    0[COMRAM] long long 
 Registers used:
		wreg, fsr2l, fsr2h, status,2, status,0
 Tracked objects:
		On entry : 
		On exit  : 
		Unchanged: 
 Data sizes:     COMRAM   BANK0   BANK1   BANK2   BANK3   BANK4   BANK5   BANK6   BANK7
      Params:        16       0       0       0       0       0       0       0       0
      Locals:        10       0       0       0       0       0       0       0       0
      Temps:          0       0       0       0       0       0       0       0       0
      Totals:        26       0       0       0       0       0       0       0       0
Total ram usage:       26 bytes
 Hardware stack levels used:    1
 This function calls:
		Nothing
 This function is called by:
		_dtoa
 This function uses a non-reentrant model


 *************** function _ctoa *****************
 Defined at:
		line 259 in file "C:\Program Files (x86)\Microchip\xc8\v2.05\pic\sources\c99\common\doprnt.c"
 Parameters:    Size  Location     Type
  fp              2   27[COMRAM] PTR struct _IO_FILE
		 -> sprintf@f(6), 
  c               1   29[COMRAM] unsigned char 
 Auto vars:     Size  Location     Type
  w               2   30[COMRAM] int 
  l               2    0        int 
 Return value:  Size  Location     Type
                  2   27[COMRAM] int 
 Registers used:
		wreg, fsr1l, fsr1h, fsr2l, fsr2h, status,2, status,0, cstack
 Tracked objects:
		On entry : 
		On exit  : 
		Unchanged: 
 Data sizes:     COMRAM   BANK0   BANK1   BANK2   BANK3   BANK4   BANK5   BANK6   BANK7
      Params:         3       0       0       0       0       0       0       0       0
      Locals:         2       0       0       0       0       0       0       0       0
      Temps:          0       0       0       0       0       0       0       0       0
      Totals:         5       0       0       0       0       0       0       0       0
Total ram usage:        5 bytes
 Hardware stack levels used:    1
 Hardware stack levels required when called:    4
 This function calls:
		_pad
 This function is called by:
		_vfpfcnvrt
 This function uses a non-reentrant model


 *************** function _pad *****************
 Defined at:
		line 72 in file "C:\Program Files (x86)\Microchip\xc8\v2.05\pic\sources\c99\common\doprnt.c"
 Parameters:    Size  Location     Type
  fp              2   16[COMRAM] PTR struct _IO_FILE
		 -> sprintf@f(6), 
  buf             2   18[COMRAM] PTR unsigned char 
		 -> dbuf(32), 
  p               2   20[COMRAM] int 
 Auto vars:     Size  Location     Type
  w               2   25[COMRAM] int 
  i               2   23[COMRAM] int 
 Return value:  Size  Location     Type
                  2   16[COMRAM] int 
 Registers used:
		wreg, fsr1l, fsr1h, fsr2l, fsr2h, status,2, status,0, cstack
 Tracked objects:
		On entry : 
		On exit  : 
		Unchanged: 
 Data sizes:     COMRAM   BANK0   BANK1   BANK2   BANK3   BANK4   BANK5   BANK6   BANK7
      Params:         6       0       0       0       0       0       0       0       0
      Locals:         4       0       0       0       0       0       0       0       0
      Temps:          1       0       0       0       0       0       0       0       0
      Totals:        11       0       0       0       0       0       0       0       0
Total ram usage:       11 bytes
 Hardware stack levels used:    1
 Hardware stack levels required when called:    3
 This function calls:
		_fputc
		_fputs
		_strlen
 This function is called by:
		_ctoa
		_dtoa
 This function uses a non-reentrant model


 *************** function _strlen *****************
 Defined at:
		line 12 in file "C:\Program Files (x86)\Microchip\xc8\v2.05\pic\sources\c99\common\strlen.c"
 Parameters:    Size  Location     Type
  s               2    0[COMRAM] PTR const unsigned char 
		 -> dbuf(32), 
 Auto vars:     Size  Location     Type
  a               2    2[COMRAM] PTR const unsigned char 
		 -> dbuf(32), 
 Return value:  Size  Location     Type
                  2    0[COMRAM] unsigned int 
 Registers used:
		wreg, fsr2l, fsr2h, status,2, status,0
 Tracked objects:
		On entry : 
		On exit  : 
		Unchanged: 
 Data sizes:     COMRAM   BANK0   BANK1   BANK2   BANK3   BANK4   BANK5   BANK6   BANK7
      Params:         2       0       0       0       0       0       0       0       0
      Locals:         2       0       0       0       0       0       0       0       0
      Temps:          0       0       0       0       0       0       0       0       0
      Totals:         4       0       0       0       0       0       0       0       0
Total ram usage:        4 bytes
 Hardware stack levels used:    1
 This function calls:
		Nothing
 This function is called by:
		_pad
 This function uses a non-reentrant model


 *************** function _fputs *****************
 Defined at:
		line 8 in file "C:\Program Files (x86)\Microchip\xc8\v2.05\pic\sources\c99\common\nf_fputs.c"
 Parameters:    Size  Location     Type
  s               2    9[COMRAM] PTR const unsigned char 
		 -> dbuf(32), 
  fp              2   11[COMRAM] PTR struct _IO_FILE
		 -> sprintf@f(6), 
 Auto vars:     Size  Location     Type
  i               2   14[COMRAM] int 
  c               1   13[COMRAM] unsigned char 
 Return value:  Size  Location     Type
                  2    9[COMRAM] int 
 Registers used:
		wreg, fsr1l, fsr1h, fsr2l, fsr2h, status,2, status,0, cstack
 Tracked objects:
		On entry : 
		On exit  : 
		Unchanged: 
 Data sizes:     COMRAM   BANK0   BANK1   BANK2   BANK3   BANK4   BANK5   BANK6   BANK7
      Params:         4       0       0       0       0       0       0       0       0
      Locals:         3       0       0       0       0       0       0       0       0
      Temps:          0       0       0       0       0       0       0       0       0
      Totals:         7       0       0       0       0       0       0       0       0
Total ram usage:        7 bytes
 Hardware stack levels used:    1
 Hardware stack levels required when called:    2
 This function calls:
		_fputc
 This function is called by:
		_pad
 This function uses a non-reentrant model


 *************** function _fputc *****************
 Defined at:
		line 8 in file "C:\Program Files (x86)\Microchip\xc8\v2.05\pic\sources\c99\common\nf_fputc.c"
 Parameters:    Size  Location     Type
  c               2    0[COMRAM] int 
  fp              2    2[COMRAM] PTR struct _IO_FILE
		 -> sprintf@f(6), 
 Auto vars:     Size  Location     Type
		None
 Return value:  Size  Location     Type
                  2    0[COMRAM] int 
 Registers used:
		wreg, fsr1l, fsr1h, fsr2l, fsr2h, status,2, status,0, cstack
 Tracked objects:
		On entry : 
		On exit  : 
		Unchanged: 
 Data sizes:     COMRAM   BANK0   BANK1   BANK2   BANK3   BANK4   BANK5   BANK6   BANK7
      Params:         4       0       0       0       0       0       0       0       0
      Locals:         0       0       0       0       0       0       0       0       0
      Temps:          5       0       0       0       0       0       0       0       0
      Totals:         9       0       0       0       0       0       0       0       0
Total ram usage:        9 bytes
 Hardware stack levels used:    1
 Hardware stack levels required when called:    1
 This function calls:
		_putch
 This function is called by:
		_pad
		_vfpfcnvrt
		_fputs
 This function uses a non-reentrant model


 *************** function _putch *****************
 Defined at:
		line 7 in file "C:\Program Files (x86)\Microchip\xc8\v2.05\pic\sources\c99\common\putch.c"
 Parameters:    Size  Location     Type
  c               1    wreg     unsigned char 
 Auto vars:     Size  Location     Type
  c               1    0[COMRAM] unsigned char 
 Return value:  Size  Location     Type
                  1    wreg      void 
 Registers used:
		wreg
 Tracked objects:
		On entry : 
		On exit  : 
		Unchanged: 
 Data sizes:     COMRAM   BANK0   BANK1   BANK2   BANK3   BANK4   BANK5   BANK6   BANK7
      Params:         0       0       0       0       0       0       0       0       0
      Locals:         0       0       0       0       0       0       0       0       0
      Temps:          0       0       0       0       0       0       0       0       0
      Totals:         0       0       0       0       0       0       0       0       0
Total ram usage:        0 bytes
 Hardware stack levels used:    1
 This function calls:
		Nothing
 This function is called by:
		_fputc
 This function uses a non-reentrant model


 *************** function _servoRotate90 *****************
 Defined at:
		line 21 in file "servo.c"
 Parameters:    Size  Location     Type
		None
 Auto vars:     Size  Location     Type
  i               2    1[COMRAM] unsigned int 
 Return value:  Size  Location     Type
                  1    wreg      void 
 Registers used:
		wreg, status,2, status,0
 Tracked objects:
		On entry : 
		On exit  : 
		Unchanged: 
 Data sizes:     COMRAM   BANK0   BANK1   BANK2   BANK3   BANK4   BANK5   BANK6   BANK7
      Params:         0       0       0       0       0       0       0       0       0
      Locals:         2       0       0       0       0       0       0       0       0
      Temps:          1       0       0       0       0       0       0       0       0
      Totals:         3       0       0       0       0       0       0       0       0
Total ram usage:        3 bytes
 Hardware stack levels used:    1
 This function calls:
		Nothing
 This function is called by:
		_main
 This function uses a non-reentrant model


 *************** function _servoRotate0 *****************
 Defined at:
		line 9 in file "servo.c"
 Parameters:    Size  Location     Type
		None
 Auto vars:     Size  Location     Type
  i               2    1[COMRAM] unsigned int 
 Return value:  Size  Location     Type
                  1    wreg      void 
 Registers used:
		wreg, status,2, status,0
 Tracked objects:
		On entry : 
		On exit  : 
		Unchanged: 
 Data sizes:     COMRAM   BANK0   BANK1   BANK2   BANK3   BANK4   BANK5   BANK6   BANK7
      Params:         0       0       0       0       0       0       0       0       0
      Locals:         2       0       0       0       0       0       0       0       0
      Temps:          1       0       0       0       0       0       0       0       0
      Totals:         3       0       0       0       0       0       0       0       0
Total ram usage:        3 bytes
 Hardware stack levels used:    1
 This function calls:
		Nothing
 This function is called by:
		_main
 This function uses a non-reentrant model


 *************** function _memset *****************
 Defined at:
		line 4 in file "C:\Program Files (x86)\Microchip\xc8\v2.05\pic\sources\c99\common\memset.c"
 Parameters:    Size  Location     Type
  dest            2    0[COMRAM] PTR void 
		 -> main@Soil(10), main@Temperature(10), 
  c               2    2[COMRAM] int 
  n               2    4[COMRAM] unsigned int 
 Auto vars:     Size  Location     Type
  s               2   10[COMRAM] PTR unsigned char 
		 -> main@Soil(10), main@Temperature(10), 
  k               2    8[COMRAM] unsigned int 
 Return value:  Size  Location     Type
                  2    0[COMRAM] PTR void 
 Registers used:
		wreg, fsr2l, fsr2h, status,2, status,0
 Tracked objects:
		On entry : 
		On exit  : 
		Unchanged: 
 Data sizes:     COMRAM   BANK0   BANK1   BANK2   BANK3   BANK4   BANK5   BANK6   BANK7
      Params:         6       0       0       0       0       0       0       0       0
      Locals:         4       0       0       0       0       0       0       0       0
      Temps:          2       0       0       0       0       0       0       0       0
      Totals:        12       0       0       0       0       0       0       0       0
Total ram usage:       12 bytes
 Hardware stack levels used:    1
 This function calls:
		Nothing
 This function is called by:
		_main
 This function uses a non-reentrant model


 *************** function ___xxtofl *****************
 Defined at:
		line 10 in file "C:\Program Files (x86)\Microchip\xc8\v2.05\pic\sources\c99\common\xxtofl.c"
 Parameters:    Size  Location     Type
  sign            1    wreg     unsigned char 
  val             4    8[COMRAM] long 
 Auto vars:     Size  Location     Type
  sign            1   16[COMRAM] unsigned char 
  arg             4   18[COMRAM] unsigned long 
  exp             1   17[COMRAM] unsigned char 
 Return value:  Size  Location     Type
                  4    8[COMRAM] unsigned char 
 Registers used:
		wreg, status,2, status,0
 Tracked objects:
		On entry : 
		On exit  : 
		Unchanged: 
 Data sizes:     COMRAM   BANK0   BANK1   BANK2   BANK3   BANK4   BANK5   BANK6   BANK7
      Params:         4       0       0       0       0       0       0       0       0
      Locals:         6       0       0       0       0       0       0       0       0
      Temps:          4       0       0       0       0       0       0       0       0
      Totals:        14       0       0       0       0       0       0       0       0
Total ram usage:       14 bytes
 Hardware stack levels used:    1
 This function calls:
		Nothing
 This function is called by:
		_main
 This function uses a non-reentrant model


 *************** function ___fltol *****************
 Defined at:
		line 43 in file "C:\Program Files (x86)\Microchip\xc8\v2.05\pic\sources\c99\common\fltol.c"
 Parameters:    Size  Location     Type
  f1              4    0[COMRAM] unsigned char 
 Auto vars:     Size  Location     Type
  exp1            1    9[COMRAM] unsigned char 
  sign1           1    8[COMRAM] unsigned char 
 Return value:  Size  Location     Type
                  4    0[COMRAM] long 
 Registers used:
		wreg, status,2, status,0
 Tracked objects:
		On entry : 
		On exit  : 
		Unchanged: 
 Data sizes:     COMRAM   BANK0   BANK1   BANK2   BANK3   BANK4   BANK5   BANK6   BANK7
      Params:         4       0       0       0       0       0       0       0       0
      Locals:         2       0       0       0       0       0       0       0       0
      Temps:          4       0       0       0       0       0       0       0       0
      Totals:        10       0       0       0       0       0       0       0       0
Total ram usage:       10 bytes
 Hardware stack levels used:    1
 This function calls:
		Nothing
 This function is called by:
		_main
 This function uses a non-reentrant model


 *************** function ___flmul *****************
 Defined at:
		line 8 in file "C:\Program Files (x86)\Microchip\xc8\v2.05\pic\sources\c99\common\sprcmul.c"
 Parameters:    Size  Location     Type
  b               4   22[COMRAM] long 
  a               4   26[COMRAM] long 
 Auto vars:     Size  Location     Type
  prod            4   41[COMRAM] struct .
  grs             4   35[COMRAM] unsigned long 
  temp            2   45[COMRAM] struct .
  bexp            1   40[COMRAM] unsigned char 
  aexp            1   39[COMRAM] unsigned char 
  sign            1   34[COMRAM] unsigned char 
 Return value:  Size  Location     Type
                  4   22[COMRAM] unsigned char 
 Registers used:
		wreg, status,2, status,0, prodl, prodh
 Tracked objects:
		On entry : 
		On exit  : 
		Unchanged: 
 Data sizes:     COMRAM   BANK0   BANK1   BANK2   BANK3   BANK4   BANK5   BANK6   BANK7
      Params:         8       0       0       0       0       0       0       0       0
      Locals:        13       0       0       0       0       0       0       0       0
      Temps:          4       0       0       0       0       0       0       0       0
      Totals:        25       0       0       0       0       0       0       0       0
Total ram usage:       25 bytes
 Hardware stack levels used:    1
 This function calls:
		Nothing
 This function is called by:
		_main
 This function uses a non-reentrant model


 *************** function ___flge *****************
 Defined at:
		line 4 in file "C:\Program Files (x86)\Microchip\xc8\v2.05\pic\sources\c99\common\flge.c"
 Parameters:    Size  Location     Type
  ff1             4    0[COMRAM] unsigned char 
  ff2             4    4[COMRAM] unsigned char 
 Auto vars:     Size  Location     Type
		None
 Return value:  Size  Location     Type
		None               void
 Registers used:
		wreg, status,2, status,0
 Tracked objects:
		On entry : 
		On exit  : 
		Unchanged: 
 Data sizes:     COMRAM   BANK0   BANK1   BANK2   BANK3   BANK4   BANK5   BANK6   BANK7
      Params:         8       0       0       0       0       0       0       0       0
      Locals:         0       0       0       0       0       0       0       0       0
      Temps:          4       0       0       0       0       0       0       0       0
      Totals:        12       0       0       0       0       0       0       0       0
Total ram usage:       12 bytes
 Hardware stack levels used:    1
 This function calls:
		Nothing
 This function is called by:
		_main
 This function uses a non-reentrant model


 *************** function ___fldiv *****************
 Defined at:
		line 11 in file "C:\Program Files (x86)\Microchip\xc8\v2.05\pic\sources\c99\common\sprcdiv.c"
 Parameters:    Size  Location     Type
  b               4   47[COMRAM] unsigned char 
  a               4   51[COMRAM] unsigned char 
 Auto vars:     Size  Location     Type
  grs             4   66[COMRAM] unsigned long 
  rem             4   59[COMRAM] unsigned long 
  new_exp         2   64[COMRAM] short 
  aexp            1   71[COMRAM] unsigned char 
  bexp            1   70[COMRAM] unsigned char 
  sign            1   63[COMRAM] unsigned char 
 Return value:  Size  Location     Type
                  4   47[COMRAM] unsigned char 
 Registers used:
		wreg, status,2, status,0
 Tracked objects:
		On entry : 
		On exit  : 
		Unchanged: 
 Data sizes:     COMRAM   BANK0   BANK1   BANK2   BANK3   BANK4   BANK5   BANK6   BANK7
      Params:         8       0       0       0       0       0       0       0       0
      Locals:        13       0       0       0       0       0       0       0       0
      Temps:          4       0       0       0       0       0       0       0       0
      Totals:        25       0       0       0       0       0       0       0       0
Total ram usage:       25 bytes
 Hardware stack levels used:    1
 This function calls:
		Nothing
 This function is called by:
		_main
 This function uses a non-reentrant model


 *************** function _LCD_String_xy *****************
 Defined at:
		line 70 in file "lcd.c"
 Parameters:    Size  Location     Type
  row             1    wreg     unsigned char 
  pos             1    4[COMRAM] unsigned char 
  msg             2    5[COMRAM] PTR const unsigned char 
		 -> STR_4(4), STR_3(4), main@Soil(10), main@Temperature(10), 
 Auto vars:     Size  Location     Type
  row             1    7[COMRAM] unsigned char 
  location        1    8[COMRAM] unsigned char 
 Return value:  Size  Location     Type
                  1    wreg      void 
 Registers used:
		wreg, fsr1l, fsr1h, status,2, status,0, tblptrl, tblptrh, tblptru, cstack
 Tracked objects:
		On entry : 
		On exit  : 
		Unchanged: 
 Data sizes:     COMRAM   BANK0   BANK1   BANK2   BANK3   BANK4   BANK5   BANK6   BANK7
      Params:         3       0       0       0       0       0       0       0       0
      Locals:         2       0       0       0       0       0       0       0       0
      Temps:          0       0       0       0       0       0       0       0       0
      Totals:         5       0       0       0       0       0       0       0       0
Total ram usage:        5 bytes
 Hardware stack levels used:    1
 Hardware stack levels required when called:    2
 This function calls:
		_LCD_Command
		_LCD_String
 This function is called by:
		_main
 This function uses a non-reentrant model


 *************** function _LCD_String *****************
 Defined at:
		line 61 in file "lcd.c"
 Parameters:    Size  Location     Type
  msg             2    2[COMRAM] PTR const unsigned char 
		 -> STR_4(4), STR_3(4), main@Soil(10), main@Temperature(10), 
 Auto vars:     Size  Location     Type
		None
 Return value:  Size  Location     Type
                  1    wreg      void 
 Registers used:
		wreg, fsr1l, fsr1h, status,2, status,0, tblptrl, tblptrh, tblptru, cstack
 Tracked objects:
		On entry : 
		On exit  : 
		Unchanged: 
 Data sizes:     COMRAM   BANK0   BANK1   BANK2   BANK3   BANK4   BANK5   BANK6   BANK7
      Params:         2       0       0       0       0       0       0       0       0
      Locals:         0       0       0       0       0       0       0       0       0
      Temps:          0       0       0       0       0       0       0       0       0
      Totals:         2       0       0       0       0       0       0       0       0
Total ram usage:        2 bytes
 Hardware stack levels used:    1
 Hardware stack levels required when called:    1
 This function calls:
		_LCD_Char
 This function is called by:
		_LCD_String_xy
 This function uses a non-reentrant model


 *************** function _LCD_Char *****************
 Defined at:
		line 50 in file "lcd.c"
 Parameters:    Size  Location     Type
  dat             1    wreg     unsigned char 
 Auto vars:     Size  Location     Type
  dat             1    1[COMRAM] unsigned char 
 Return value:  Size  Location     Type
                  1    wreg      void 
 Registers used:
		wreg, status,2, cstack
 Tracked objects:
		On entry : 
		On exit  : 
		Unchanged: 
 Data sizes:     COMRAM   BANK0   BANK1   BANK2   BANK3   BANK4   BANK5   BANK6   BANK7
      Params:         0       0       0       0       0       0       0       0       0
      Locals:         1       0       0       0       0       0       0       0       0
      Temps:          1       0       0       0       0       0       0       0       0
      Totals:         2       0       0       0       0       0       0       0       0
Total ram usage:        2 bytes
 Hardware stack levels used:    1
 This function calls:
		Nothing
 This function is called by:
		_LCD_String
 This function uses a non-reentrant model


 *************** function _LCD_Init *****************
 Defined at:
		line 24 in file "lcd.c"
 Parameters:    Size  Location     Type
		None
 Auto vars:     Size  Location     Type
		None
 Return value:  Size  Location     Type
                  1    wreg      void 
 Registers used:
		wreg, status,2, cstack
 Tracked objects:
		On entry : 
		On exit  : 
		Unchanged: 
 Data sizes:     COMRAM   BANK0   BANK1   BANK2   BANK3   BANK4   BANK5   BANK6   BANK7
      Params:         0       0       0       0       0       0       0       0       0
      Locals:         0       0       0       0       0       0       0       0       0
      Temps:          1       0       0       0       0       0       0       0       0
      Totals:         1       0       0       0       0       0       0       0       0
Total ram usage:        1 bytes
 Hardware stack levels used:    1
 Hardware stack levels required when called:    1
 This function calls:
		_LCD_Command
 This function is called by:
		_main
 This function uses a non-reentrant model


 *************** function _LCD_Clear *****************
 Defined at:
		line 35 in file "lcd.c"
 Parameters:    Size  Location     Type
		None
 Auto vars:     Size  Location     Type
		None
 Return value:  Size  Location     Type
                  1    wreg      void 
 Registers used:
		wreg, status,2, cstack
 Tracked objects:
		On entry : 
		On exit  : 
		Unchanged: 
 Data sizes:     COMRAM   BANK0   BANK1   BANK2   BANK3   BANK4   BANK5   BANK6   BANK7
      Params:         0       0       0       0       0       0       0       0       0
      Locals:         0       0       0       0       0       0       0       0       0
      Temps:          0       0       0       0       0       0       0       0       0
      Totals:         0       0       0       0       0       0       0       0       0
Total ram usage:        0 bytes
 Hardware stack levels used:    1
 Hardware stack levels required when called:    1
 This function calls:
		_LCD_Command
 This function is called by:
		_main
 This function uses a non-reentrant model


 *************** function _LCD_Command *****************
 Defined at:
		line 40 in file "lcd.c"
 Parameters:    Size  Location     Type
  cmd             1    wreg     unsigned char 
 Auto vars:     Size  Location     Type
  cmd             1    1[COMRAM] unsigned char 
 Return value:  Size  Location     Type
                  1    wreg      void 
 Registers used:
		wreg, status,2, cstack
 Tracked objects:
		On entry : 
		On exit  : 
		Unchanged: 
 Data sizes:     COMRAM   BANK0   BANK1   BANK2   BANK3   BANK4   BANK5   BANK6   BANK7
      Params:         0       0       0       0       0       0       0       0       0
      Locals:         1       0       0       0       0       0       0       0       0
      Temps:          1       0       0       0       0       0       0       0       0
      Totals:         2       0       0       0       0       0       0       0       0
Total ram usage:        2 bytes
 Hardware stack levels used:    1
 This function calls:
		Nothing
 This function is called by:
		_LCD_Init
		_LCD_Clear
		_LCD_String_xy
 This function uses a non-reentrant model


 *************** function _ADC_Read *****************
 Defined at:
		line 19 in file "adc_source.c"
 Parameters:    Size  Location     Type
  channel         2    0[COMRAM] int 
 Auto vars:     Size  Location     Type
  digital         2    6[COMRAM] int 
 Return value:  Size  Location     Type
                  2    0[COMRAM] int 
 Registers used:
		wreg, status,2, status,0
 Tracked objects:
		On entry : 
		On exit  : 
		Unchanged: 
 Data sizes:     COMRAM   BANK0   BANK1   BANK2   BANK3   BANK4   BANK5   BANK6   BANK7
      Params:         2       0       0       0       0       0       0       0       0
      Locals:         2       0       0       0       0       0       0       0       0
      Temps:          4       0       0       0       0       0       0       0       0
      Totals:         8       0       0       0       0       0       0       0       0
Total ram usage:        8 bytes
 Hardware stack levels used:    1
 This function calls:
		Nothing
 This function is called by:
		_main
 This function uses a non-reentrant model


 *************** function _ADC_Init *****************
 Defined at:
		line 10 in file "adc_source.c"
 Parameters:    Size  Location     Type
		None
 Auto vars:     Size  Location     Type
		None
 Return value:  Size  Location     Type
                  1    wreg      void 
 Registers used:
		wreg, status,2
 Tracked objects:
		On entry : 
		On exit  : 
		Unchanged: 
 Data sizes:     COMRAM   BANK0   BANK1   BANK2   BANK3   BANK4   BANK5   BANK6   BANK7
      Params:         0       0       0       0       0       0       0       0       0
      Locals:         0       0       0       0       0       0       0       0       0
      Temps:          0       0       0       0       0       0       0       0       0
      Totals:         0       0       0       0       0       0       0       0       0
Total ram usage:        0 bytes
 Hardware stack levels used:    1
 This function calls:
		Nothing
 This function is called by:
		_main
 This function uses a non-reentrant model



MODULE INFORMATION

Module		Function		Class		Link	Load	Size
servo.c
		_servoRotate0  		CODE           	1F0C	0000	63
		_servoRotate90 		CODE           	1ECE	0000	63

servo.c estimated size: 126

C:\Program Files (x86)\Microchip\xc8\v2.05\pic\sources\c99\common\putch.c
		_putch         		CODE           	20BE	0000	3

C:\Program Files (x86)\Microchip\xc8\v2.05\pic\sources\c99\common\putch.c estimated size: 3

C:\Program Files (x86)\Microchip\xc8\v2.05\pic\sources\c99\common\flge.c
		___flge        		CODE           	1A4C	0000	209

C:\Program Files (x86)\Microchip\xc8\v2.05\pic\sources\c99\common\flge.c estimated size: 209

C:\Program Files (x86)\Microchip\xc8\v2.05\pic\sources\c99\common\nf_fputc.c
		_fputc         		CODE           	1BD6	0000	161

C:\Program Files (x86)\Microchip\xc8\v2.05\pic\sources\c99\common\nf_fputc.c estimated size: 161

C:\Program Files (x86)\Microchip\xc8\v2.05\pic\sources\c99\common\aodiv.c
		___aodiv       		CODE           	156E	0000	329

C:\Program Files (x86)\Microchip\xc8\v2.05\pic\sources\c99\common\aodiv.c estimated size: 329

C:\Program Files (x86)\Microchip\xc8\v2.05\pic\sources\c99\common\xxtofl.c
		___xxtofl      		CODE           	16B6	0000	321

C:\Program Files (x86)\Microchip\xc8\v2.05\pic\sources\c99\common\xxtofl.c estimated size: 321

C:\Program Files (x86)\Microchip\xc8\v2.05\pic\sources\c99\common\strlen.c
		_strlen        		CODE           	201A	0000	43

C:\Program Files (x86)\Microchip\xc8\v2.05\pic\sources\c99\common\strlen.c estimated size: 43

C:\Program Files (x86)\Microchip\xc8\v2.05\pic\sources\c99\common\memset.c
		_memset        		CODE           	17F6	0000	307

C:\Program Files (x86)\Microchip\xc8\v2.05\pic\sources\c99\common\memset.c estimated size: 307

C:\Program Files (x86)\Microchip\xc8\v2.05\pic\sources\c99\common\fltol.c
		___fltol       		CODE           	1B1C	0000	187

C:\Program Files (x86)\Microchip\xc8\v2.05\pic\sources\c99\common\fltol.c estimated size: 187

C:\Program Files (x86)\Microchip\xc8\v2.05\pic\sources\c99\common\sprcmul.c
		___flmul       		CODE           	0B6C	0000	851

C:\Program Files (x86)\Microchip\xc8\v2.05\pic\sources\c99\common\sprcmul.c estimated size: 851

C:\Program Files (x86)\Microchip\xc8\v2.05\pic\sources\c99\common\sprcdiv.c
		___fldiv       		CODE           	0EBE	0000	649

C:\Program Files (x86)\Microchip\xc8\v2.05\pic\sources\c99\common\sprcdiv.c estimated size: 649

C:\Program Files (x86)\Microchip\xc8\v2.05\pic\sources\c99\common\doprnt.c
		_vfpfcnvrt     		CODE           	1388	0000	487
		_pad           		CODE           	1C76	0000	151
		_ctoa          		CODE           	1E80	0000	79
		_dtoa          		CODE           	1146	0000	579
		_vfprintf      		CODE           	1D86	0000	87

C:\Program Files (x86)\Microchip\xc8\v2.05\pic\sources\c99\common\doprnt.c estimated size: 1383

shared
		__initialization		CODE           	2044	0000	25

shared estimated size: 25

C:\Program Files (x86)\Microchip\xc8\v2.05\pic\sources\c99\common\nf_sprintf.c
		_sprintf       		CODE           	1DDC	0000	83

C:\Program Files (x86)\Microchip\xc8\v2.05\pic\sources\c99\common\nf_sprintf.c estimated size: 83

lcd.c
		_LCD_String    		CODE           	1E2E	0000	83
		_LCD_Init      		CODE           	1FE8	0000	51
		_LCD_Command   		CODE           	2084	0000	31
		_LCD_String_xy 		CODE           	1F82	0000	53
		_LCD_Char      		CODE           	2066	0000	31
		_LCD_Clear     		CODE           	20B6	0000	9

lcd.c estimated size: 258

C:\Program Files (x86)\Microchip\xc8\v2.05\pic\sources\c99\common\abs.c
		_abs           		CODE           	1FB6	0000	51

C:\Program Files (x86)\Microchip\xc8\v2.05\pic\sources\c99\common\abs.c estimated size: 51

C:\Program Files (x86)\Microchip\xc8\v2.05\pic\sources\c99\common\nf_fputs.c
		_fputs         		CODE           	1F4A	0000	57

C:\Program Files (x86)\Microchip\xc8\v2.05\pic\sources\c99\common\nf_fputs.c estimated size: 57

adc_source.c
		_ADC_Read      		CODE           	1D0C	0000	123
		_ADC_Init      		CODE           	20A2	0000	21

adc_source.c estimated size: 144

main.c
		_main          		CODE           	0816	0000	855

main.c estimated size: 855

C:\Program Files (x86)\Microchip\xc8\v2.05\pic\sources\c99\common\aomod.c
		___aomod       		CODE           	1928	0000	293

C:\Program Files (x86)\Microchip\xc8\v2.05\pic\sources\c99\common\aomod.c estimated size: 293

