Microchip MPLAB XC8 Compiler V2.05 ()

Linker command line:

-W-3 --edf=C:\Program Files (x86)\Microchip\xc8\v2.05\pic\dat\en_msgs.txt \
  -cs -h+dist/default/production\Greenhouse.X.production.sym \
  --cmf=dist/default/production\Greenhouse.X.production.cmf -z -w9 \
  --disl=596:off --norlf -Q18F4550 \
  -oC:\Users\iaman\AppData\Local\Temp\sejg.2 --defsym=__MPLAB_BUILD=1 \
  -Mdist/default/production/Greenhouse.X.production.map -E1 -ver=XC8 \
  --acfsm=1493 -ACODE=00h-07FFFh -ACONST=00h-07FFFh \
  -ASMALLCONST=0800h-08FFhx120 -AMEDIUMCONST=0800h-07FFFh -ACOMRAM=01h-05Fh \
  -AABS1=00h-07FFh -ABIGRAM=01h-07FFh -ARAM=060h-0FFh,0100h-01FFhx7 \
  -ABANK0=060h-0FFh -ABANK1=0100h-01FFh -ABANK2=0200h-02FFh \
  -ABANK3=0300h-03FFh -ABANK4=0400h-04FFh -ABANK5=0500h-05FFh \
  -ABANK6=0600h-06FFh -ABANK7=0700h-07FFh -ASFR=0F60h-0FFFh \
  -preset_vec=00h,intcode,intcodelo,powerup,init -pramtop=0800h \
  -psmallconst=SMALLCONST -pmediumconst=MEDIUMCONST -pconst=CONST \
  -AFARRAM=00h-00h -ACONFIG=0300000h-030000Dh -pconfig=CONFIG \
  -AIDLOC=0200000h-0200007h -pidloc=IDLOC -AEEDATA=0F00000h-0F000FFh \
  -peeprom_data=EEDATA \
  -prdata=COMRAM,nvrram=COMRAM,nvbit=COMRAM,rbss=COMRAM,rbit=COMRAM \
  -pfarbss=FARRAM,fardata=FARRAM,nvFARRAM=FARRAM \
  -pintsave_regs=BIGRAM,bigbss=BIGRAM,bigdata=BIGRAM -pbss=RAM \
  -pidata=CODE,irdata=CODE,ibigdata=CODE,ifardata=CODE \
  C:\Users\iaman\AppData\Local\Temp\sejg.o \
  dist/default/production\Greenhouse.X.production.o 

Object code version is 3.11

Machine type is 18F4550

Call graph: (short form)




                Name                               Link     Load   Length Selector   Space Scale
C:\Users\iaman\AppData\Local\Temp\sejg.o
                init                                  0        0        4        0       0
dist/default/production\Greenhouse.X.production.o
                smallconst                          800      800       16      400       0
                text31                             2072     2072       14      40B       0
                text30                             1CF4     1CF4       7A      40B       0
                text29                             205E     205E       14      40B       0
                text28                             2098     2098        8      40B       0
                text27                             1FF2     1FF2       28      40B       0
                text26                             2086     2086       12      40B       0
                text25                             1E16     1E16       52      40B       0
                text24                             1F62     1F62       34      40B       0
                text23                             1C70     1C70       84      40B       0
                text22                              E20      E20      288      40B       0
                text21                             19B0     19B0       D0      40B       0
                text20                              816      816      352      40B       0
                text19                             1A80     1A80       BA      40B       0
                text18                             201A     201A       26      40B       0
                text17                             161A     161A      140      40B       0
                text16                             175A     175A      132      40B       0
                text15                             1F2A     1F2A       38      40B       0
                text14                             1EB6     1EB6       3C      40B       0
                text13                             20A0     20A0        2      40B       0
                text12                             1B3A     1B3A       A0      40B       0
                text11                             1EF2     1EF2       38      40B       0
                text10                             1FC8     1FC8       2A      40B       0
                text9                              1BDA     1BDA       96      40B       0
                text8                              1E68     1E68       4E      40B       0
                text7                              14D2     14D2      148      40B       0
                text6                              188C     188C      124      40B       0
                text5                              1F96     1F96       32      40B       0
                text4                              10A8     10A8      242      40B       0
                text3                              12EA     12EA      1E8      40B       0
                text2                              1D6E     1D6E       56      40B       0
                text1                              1DC4     1DC4       52      40B       0
                text0                               B68      B68      2B8      40B       0
                cstackCOMRAM                          1        1       5A        1       1
                cstackBANK0                          60       60       2E       60       1
                bssBANK0                             8E       8E       24       60       1
                bssCOMRAM                            5B       5B        4        1       1
                cinit                              2040     2040       1E      40B       0

TOTAL           Name                               Link     Load   Length     Space
        CLASS   CODE           
                init                                  0        0        4         0
                text31                             2072     2072       14         0
                text30                             1CF4     1CF4       7A         0
                text29                             205E     205E       14         0
                text28                             2098     2098        8         0
                text27                             1FF2     1FF2       28         0
                text26                             2086     2086       12         0
                text25                             1E16     1E16       52         0
                text24                             1F62     1F62       34         0
                text23                             1C70     1C70       84         0
                text22                              E20      E20      288         0
                text21                             19B0     19B0       D0         0
                text20                              816      816      352         0
                text19                             1A80     1A80       BA         0
                text18                             201A     201A       26         0
                text17                             161A     161A      140         0
                text16                             175A     175A      132         0
                text15                             1F2A     1F2A       38         0
                text14                             1EB6     1EB6       3C         0
                text13                             20A0     20A0        2         0
                text12                             1B3A     1B3A       A0         0
                text11                             1EF2     1EF2       38         0
                text10                             1FC8     1FC8       2A         0
                text9                              1BDA     1BDA       96         0
                text8                              1E68     1E68       4E         0
                text7                              14D2     14D2      148         0
                text6                              188C     188C      124         0
                text5                              1F96     1F96       32         0
                text4                              10A8     10A8      242         0
                text3                              12EA     12EA      1E8         0
                text2                              1D6E     1D6E       56         0
                text1                              1DC4     1DC4       52         0
                text0                               B68      B68      2B8         0
                cinit                              2040     2040       1E         0

        CLASS   CONST          

        CLASS   SMALLCONST     
                smallconst                          800      800       16         0

        CLASS   MEDIUMCONST    

        CLASS   COMRAM         
                cstackCOMRAM                          1        1       5A         1
                bssCOMRAM                            5B       5B        4         1

        CLASS   ABS1           

        CLASS   BIGRAM         

        CLASS   RAM            

        CLASS   BANK0          
                cstackBANK0                          60       60       2E         1
                bssBANK0                             8E       8E       24         1

        CLASS   BANK1          

        CLASS   BANK2          

        CLASS   BANK3          

        CLASS   BANK4          

        CLASS   BANK5          

        CLASS   BANK6          

        CLASS   BANK7          

        CLASS   SFR            

        CLASS   FARRAM         

        CLASS   CONFIG         

        CLASS   IDLOC          

        CLASS   EEDATA         

        CLASS   STACK          



SEGMENTS        Name                           Load    Length   Top    Selector   Space  Class

                reset_vec                      000000  000004  000004         0       0  CODE    
                cstackCOMRAM                   000001  00005E  00005F         1       1  COMRAM  
                cstackBANK0                    000060  000052  0000B2        60       1  BANK0   
                smallconst                     000800  000016  000816       400       0  SMALLCON
                text20                         000816  00188C  0020A2       40B       0  CODE    


UNUSED ADDRESS RANGES

        Name                Unused          Largest block    Delta
        BANK0            00B2-00FF             4E
        BANK1            0100-01FF            100
        BANK2            0200-02FF            100
        BANK3            0300-03FF            100
        BANK4            0400-04FF            100
        BANK5            0500-05FF            100
        BANK6            0600-06FF            100
        BANK7            0700-07FF            100
        BIGRAM           005F-005F              1
                         00B2-07FF            74E
        CODE             0004-07FF            7FC
                         20A2-7FFF           5F5E
        COMRAM           005F-005F              1
        CONFIG           300000-30000D              E
        CONST            0004-07FF            7FC
                         20A2-7FFF           5F5E
        EEDATA           F00000-F000FF            100
        IDLOC            200000-200007              8
        MEDIUMCONST      20A2-7FFF           5F5E
        RAM              00B2-07FF            100
        SFR              0F60-0FFF             A0
        SMALLCONST       20A2-7FFF            100

                                  Symbol Table

_PWM_Init                                 
__CFG_BOR$ON             (abs)        0000
__CFG_BORV$3             (abs)        0000
__CFG_CCP2MX$ON          (abs)        0000
__CFG_CP0$OFF            (abs)        0000
__CFG_CP1$OFF            (abs)        0000
__CFG_CP2$OFF            (abs)        0000
__CFG_CP3$OFF            (abs)        0000
__CFG_CPB$OFF            (abs)        0000
__CFG_CPD$OFF            (abs)        0000
__CFG_CPUDIV$OSC1_PLL2   (abs)        0000
__CFG_EBTR0$OFF          (abs)        0000
__CFG_EBTR1$OFF          (abs)        0000
__CFG_EBTR2$OFF          (abs)        0000
__CFG_EBTR3$OFF          (abs)        0000
__CFG_EBTRB$OFF          (abs)        0000
__CFG_FCMEN$OFF          (abs)        0000
__CFG_FOSC$EC_EC         (abs)        0000
__CFG_ICPRT$OFF          (abs)        0000
__CFG_IESO$OFF           (abs)        0000
__CFG_LPT1OSC$OFF        (abs)        0000
__CFG_LVP$ON             (abs)        0000
__CFG_MCLRE$ON           (abs)        0000
__CFG_PBADEN$ON          (abs)        0000
__CFG_PLLDIV$1           (abs)        0000
__CFG_PWRT$OFF           (abs)        0000
__CFG_STVREN$ON          (abs)        0000
__CFG_USBDIV$1           (abs)        0000
__CFG_VREGEN$OFF         (abs)        0000
__CFG_WDT$ON             (abs)        0000
__CFG_WDTPS$32768        (abs)        0000
__CFG_WRT0$OFF           (abs)        0000
__CFG_WRT1$OFF           (abs)        0000
__CFG_WRT2$OFF           (abs)        0000
__CFG_WRT3$OFF           (abs)        0000
__CFG_WRTB$OFF           (abs)        0000
__CFG_WRTC$OFF           (abs)        0000
__CFG_WRTD$OFF           (abs)        0000
__CFG_XINST$OFF          (abs)        0000
__HRAM                   (abs)        0000
__Habs1                  abs1         0000
__Hbank0                 bank0        0000
__Hbank1                 bank1        0000
__Hbank2                 bank2        0000
__Hbank3                 bank3        0000
__Hbank4                 bank4        0000
__Hbank5                 bank5        0000
__Hbank6                 bank6        0000
__Hbank7                 bank7        0000
__Hbigbss                bigbss       0000
__Hbigdata               bigdata      0000
__Hbigram                bigram       0000
__Hbss                   bss          0000
__HbssBANK0              bssBANK0     0000
__HbssCOMRAM             bssCOMRAM    0000
__Hcinit                 cinit        0000
__Hclrtext               clrtext      0000
__Hcomram                comram       0000
__Hconfig                config       0000
__Hconst                 const        0000
__HcstackBANK0           cstackBANK0  0000
__HcstackCOMRAM          cstackCOMRAM 0000
__Hdata                  data         0000
__Heeprom_data           eeprom_data  0000
__Hfarbss                farbss       0000
__Hfardata               fardata      0000
__Hibigdata              ibigdata     0000
__Hidata                 idata        0000
__Hidloc                 idloc        0000
__Hifardata              ifardata     0000
__Hintcode               intcode      0000
__Hintcode_body          intcode_body 0000
__Hintcodelo             intcodelo    0000
__Hintentry              intentry     0000
__Hintret                intret       0000
__Hintsave_regs          intsave_regs 0000
__Hirdata                irdata       0000
__Hmediumconst           mediumconst  0000
__HnvFARRAM              nvFARRAM     0000
__Hnvbit                 nvbit        0000
__Hnvrram                nvrram       0000
__Hparam                 rparam       0000
__Hpowerup               powerup      0000
__Hram                   ram          0000
__Hrbit                  rbit         0000
__Hrbss                  rbss         0000
__Hrdata                 rdata        0000
__Hreset_vec             reset_vec    0000
__Hrparam                rparam       0000
__Hsfr                   sfr          0000
__Hspace_2               (abs)        0000
__Hstack                 stack        0000
__Hstruct                struct       0000
__Htemp                  temp         0000
__Htext                  text         0000
__Htext0                 text0        0000
__Htext1                 text1        0000
__Htext10                text10       0000
__Htext11                text11       0000
__Htext12                text12       0000
__Htext13                text13       0000
__Htext14                text14       0000
__Htext15                text15       0000
__Htext16                text16       0000
__Htext17                text17       0000
__Htext18                text18       0000
__Htext19                text19       0000
__Htext2                 text2        0000
__Htext20                text20       0000
__Htext21                text21       0000
__Htext22                text22       0000
__Htext23                text23       0000
__Htext24                text24       0000
__Htext25                text25       0000
__Htext26                text26       0000
__Htext27                text27       0000
__Htext28                text28       0000
__Htext29                text29       0000
__Htext3                 text3        0000
__Htext30                text30       0000
__Htext31                text31       0000
__Htext4                 text4        0000
__Htext5                 text5        0000
__Htext6                 text6        0000
__Htext7                 text7        0000
__Htext8                 text8        0000
__Htext9                 text9        0000
__Labs1                  abs1         0000
__Lbank0                 bank0        0000
__Lbank1                 bank1        0000
__Lbank2                 bank2        0000
__Lbank3                 bank3        0000
__Lbank4                 bank4        0000
__Lbank5                 bank5        0000
__Lbank6                 bank6        0000
__Lbank7                 bank7        0000
__Lbigbss                bigbss       0000
__Lbigdata               bigdata      0000
__Lbigram                bigram       0000
__Lbss                   bss          0000
__LbssBANK0              bssBANK0     0000
__LbssCOMRAM             bssCOMRAM    0000
__Lcinit                 cinit        0000
__Lclrtext               clrtext      0000
__Lcomram                comram       0000
__Lconfig                config       0000
__Lconst                 const        0000
__LcstackBANK0           cstackBANK0  0000
__LcstackCOMRAM          cstackCOMRAM 0000
__Ldata                  data         0000
__Leeprom_data           eeprom_data  0000
__Lfarbss                farbss       0000
__Lfardata               fardata      0000
__Libigdata              ibigdata     0000
__Lidata                 idata        0000
__Lidloc                 idloc        0000
__Lifardata              ifardata     0000
__Linit                  init         0000
__Lintcode               intcode      0000
__Lintcode_body          intcode_body 0000
__Lintcodelo             intcodelo    0000
__Lintentry              intentry     0000
__Lintret                intret       0000
__Lintsave_regs          intsave_regs 0000
__Lirdata                irdata       0000
__Lmediumconst           mediumconst  0000
__LnvFARRAM              nvFARRAM     0000
__Lnvbit                 nvbit        0000
__Lnvrram                nvrram       0000
__Lparam                 rparam       0000
__Lpowerup               powerup      0000
__Lram                   ram          0000
__Lrbit                  rbit         0000
__Lrbss                  rbss         0000
__Lrdata                 rdata        0000
__Lreset_vec             reset_vec    0000
__Lrparam                rparam       0000
__Lsfr                   sfr          0000
__Lspace_0               (abs)        0000
__Lspace_1               (abs)        0000
__Lspace_2               (abs)        0000
__Lstack                 stack        0000
__Lstruct                struct       0000
__Ltemp                  temp         0000
__Ltext                  text         0000
__Ltext0                 text0        0000
__Ltext1                 text1        0000
__Ltext10                text10       0000
__Ltext11                text11       0000
__Ltext12                text12       0000
__Ltext13                text13       0000
__Ltext14                text14       0000
__Ltext15                text15       0000
__Ltext16                text16       0000
__Ltext17                text17       0000
__Ltext18                text18       0000
__Ltext19                text19       0000
__Ltext2                 text2        0000
__Ltext20                text20       0000
__Ltext21                text21       0000
__Ltext22                text22       0000
__Ltext23                text23       0000
__Ltext24                text24       0000
__Ltext25                text25       0000
__Ltext26                text26       0000
__Ltext27                text27       0000
__Ltext28                text28       0000
__Ltext29                text29       0000
__Ltext3                 text3        0000
__Ltext30                text30       0000
__Ltext31                text31       0000
__Ltext4                 text4        0000
__Ltext5                 text5        0000
__Ltext6                 text6        0000
__Ltext7                 text7        0000
__Ltext8                 text8        0000
__Ltext9                 text9        0000
___inthi_sp              stack        0000
___intlo_sp              stack        0000
___param_bank            (abs)        0000
___sp                    stack        0000
__mediumconst            mediumconst  0000
__size_of_ADC_Init       (abs)        0000
__size_of_ADC_Read       (abs)        0000
__size_of_LCD_Char       (abs)        0000
__size_of_LCD_Clear      (abs)        0000
__size_of_LCD_Command    (abs)        0000
__size_of_LCD_Init       (abs)        0000
__size_of_LCD_String     (abs)        0000
__size_of_LCD_String_xy  (abs)        0000
__size_of___aodiv        (abs)        0000
__size_of___aomod        (abs)        0000
__size_of___awdiv        (abs)        0000
__size_of___fldiv        (abs)        0000
__size_of___flge         (abs)        0000
__size_of___flmul        (abs)        0000
__size_of___fltol        (abs)        0000
__size_of___wmul         (abs)        0000
__size_of___xxtofl       (abs)        0000
__size_of_abs            (abs)        0000
__size_of_ctoa           (abs)        0000
__size_of_dtoa           (abs)        0000
__size_of_fputc          (abs)        0000
__size_of_fputs          (abs)        0000
__size_of_main           (abs)        0000
__size_of_memset         (abs)        0000
__size_of_pad            (abs)        0000
__size_of_putch          (abs)        0000
__size_of_servoRotate0   (abs)        0000
__size_of_servoRotate90  (abs)        0000
__size_of_sprintf        (abs)        0000
__size_of_strlen         (abs)        0000
__size_of_vfpfcnvrt      (abs)        0000
__size_of_vfprintf       (abs)        0000
?_ADC_Read               cstackCOMRAM 0001
?___aodiv                cstackCOMRAM 0001
?___aomod                cstackCOMRAM 0001
?___fltol                cstackCOMRAM 0001
?_strlen                 cstackCOMRAM 0001
ADC_Read@channel         cstackCOMRAM 0001
LCD_Char@dat             cstackCOMRAM 0001
LCD_Command@cmd          cstackCOMRAM 0001
__LRAM                   (abs)        0001
___aodiv@dividend        cstackCOMRAM 0001
___aomod@dividend        cstackCOMRAM 0001
___flge@ff1              cstackCOMRAM 0001
___fltol@f1              cstackCOMRAM 0001
___rparam_used           (abs)        0001
__pcstackCOMRAM          cstackCOMRAM 0001
LCD_String@msg           cstackCOMRAM 0002
__activetblptr           (abs)        0002
fputc@c                  cstackCOMRAM 0001
fputc@fp                 cstackCOMRAM 0003
intlevel0                text         0000
intlevel1                text         0000
intlevel2                text         0000
intlevel3                text         0000
memset@dest              cstackCOMRAM 0001
memset@c                 cstackCOMRAM 0003
servoRotate0@i           cstackCOMRAM 0002
servoRotate90@i          cstackCOMRAM 0002
stackhi                  (abs)        0000
stacklo                  (abs)        0000
start                    init         0000
strlen@s                 cstackCOMRAM 0001
strlen@a                 cstackCOMRAM 0003
LCD_String_xy@pos        cstackCOMRAM 0004
__Hinit                  init         0004
LCD_String_xy@msg        cstackCOMRAM 0005
___flge@ff2              cstackCOMRAM 0005
memset@n                 cstackCOMRAM 0005
ADC_Read@digital         cstackCOMRAM 0007
LCD_String_xy@row        cstackCOMRAM 0007
LCD_String_xy@location   cstackCOMRAM 0008
?___wmul                 cstackCOMRAM 0009
___aodiv@divisor         cstackCOMRAM 0009
___aomod@divisor         cstackCOMRAM 0009
___fltol@sign1           cstackCOMRAM 0009
___wmul@multiplier       cstackCOMRAM 0009
memset@k                 cstackCOMRAM 0009
___fltol@exp1            cstackCOMRAM 000A
fputs@s                  cstackCOMRAM 000A
___wmul@multiplicand     cstackCOMRAM 000B
memset@s                 cstackCOMRAM 000B
fputs@fp                 cstackCOMRAM 000C
___wmul@product          cstackCOMRAM 000D
fputs@c                  cstackCOMRAM 000E
?___awdiv                cstackCOMRAM 000F
___awdiv@dividend        cstackCOMRAM 000F
fputs@i                  cstackCOMRAM 000F
?_pad                    cstackCOMRAM 0011
___aodiv@counter         cstackCOMRAM 0011
___aomod@counter         cstackCOMRAM 0011
___awdiv@divisor         cstackCOMRAM 0011
pad@fp                   cstackCOMRAM 0011
___aodiv@sign            cstackCOMRAM 0012
___aomod@sign            cstackCOMRAM 0012
?_abs                    cstackCOMRAM 0013
___aodiv@quotient        cstackCOMRAM 0013
___awdiv@counter         cstackCOMRAM 0013
abs@a                    cstackCOMRAM 0013
pad@buf                  cstackCOMRAM 0013
___awdiv@sign            cstackCOMRAM 0014
___awdiv@quotient        cstackCOMRAM 0015
pad@p                    cstackCOMRAM 0015
?___xxtofl               cstackCOMRAM 0017
___xxtofl@val            cstackCOMRAM 0017
pad@i                    cstackCOMRAM 0018
pad@w                    cstackCOMRAM 001A
?_ctoa                   cstackCOMRAM 001C
?_dtoa                   cstackCOMRAM 001C
ctoa@fp                  cstackCOMRAM 001C
dtoa@fp                  cstackCOMRAM 001C
ctoa@c                   cstackCOMRAM 001E
dtoa@d                   cstackCOMRAM 001E
___xxtofl@sign           cstackCOMRAM 001F
ctoa@w                   cstackCOMRAM 001F
___xxtofl@exp            cstackCOMRAM 0020
___xxtofl@arg            cstackCOMRAM 0021
?___flmul                cstackCOMRAM 0025
___flmul@b               cstackCOMRAM 0025
___flmul@a               cstackCOMRAM 0029
_dtoa$393                cstackCOMRAM 002E
dtoa@p                   cstackCOMRAM 0030
___flmul@sign            cstackCOMRAM 0031
___flmul@grs             cstackCOMRAM 0032
dtoa@w                   cstackCOMRAM 0032
dtoa@s                   cstackCOMRAM 0034
___flmul@aexp            cstackCOMRAM 0036
dtoa@n                   cstackCOMRAM 0036
___flmul@bexp            cstackCOMRAM 0037
___flmul@prod            cstackCOMRAM 0038
___flmul@temp            cstackCOMRAM 003C
?___fldiv                cstackCOMRAM 003E
___fldiv@b               cstackCOMRAM 003E
dtoa@i                   cstackCOMRAM 003E
?_vfpfcnvrt              cstackCOMRAM 0040
vfpfcnvrt@fp             cstackCOMRAM 0040
___fldiv@a               cstackCOMRAM 0042
vfpfcnvrt@fmt            cstackCOMRAM 0042
vfpfcnvrt@ap             cstackCOMRAM 0044
vfpfcnvrt@ll             cstackCOMRAM 0048
___fldiv@rem             cstackCOMRAM 004A
___fldiv@sign            cstackCOMRAM 004E
___fldiv@new_exp         cstackCOMRAM 004F
vfpfcnvrt@c              cstackCOMRAM 0050
?_vfprintf               cstackCOMRAM 0051
___fldiv@grs             cstackCOMRAM 0051
vfprintf@fp              cstackCOMRAM 0051
vfprintf@fmt             cstackCOMRAM 0053
___fldiv@bexp            cstackCOMRAM 0055
vfprintf@ap              cstackCOMRAM 0055
___fldiv@aexp            cstackCOMRAM 0056
vfprintf@cfmt            cstackCOMRAM 0057
__pbssCOMRAM             bssCOMRAM    005B
_width                   bssCOMRAM    005B
_flags                   bssCOMRAM    005D
?_sprintf                cstackBANK0  0060
__accesstop              (abs)        0060
__pcstackBANK0           cstackBANK0  0060
sprintf@s                cstackBANK0  0060
sprintf@fmt              cstackBANK0  0062
sprintf@ap               cstackBANK0  006A
sprintf@f                cstackBANK0  006C
main@Temperature         cstackBANK0  0072
main@Soil                cstackBANK0  007C
main@soil                cstackBANK0  0086
main@temp                cstackBANK0  008A
__pbssBANK0              bssBANK0     008E
_nout                    bssBANK0     008E
_prec                    bssBANK0     0090
_dbuf                    bssBANK0     0092
__Hspace_1               (abs)        00B2
__S1                     (abs)        00B2
__Hramtop                ramtop       0800
__Lramtop                ramtop       0800
__Lsmallconst            smallconst   0800
__psmallconst            smallconst   0800
__ramtop                 ramtop       0800
__smallconst             smallconst   0800
__Hsmallconst            smallconst   0816
___flmul                 text20       0816
__ptext20                text20       0816
__end_of___flmul         text20       0B68
__ptext0                 text0        0B68
_main                    text0        0B68
___fldiv                 text22       0E20
__end_of_main            text0        0E20
__ptext22                text22       0E20
_LATAbits                (abs)        0F89
_LATB                    (abs)        0F8A
_TRISA                   (abs)        0F92
_TRISAbits               (abs)        0F92
_TRISB                   (abs)        0F93
_TRISCbits               (abs)        0F94
_TRISD                   (abs)        0F95
_ADCON2                  (abs)        0FC0
_ADCON1                  (abs)        0FC1
_ADCON0                  (abs)        0FC2
_ADCON0bits              (abs)        0FC2
_ADRESL                  (abs)        0FC3
_ADRESH                  (abs)        0FC4
_OSCCON                  (abs)        0FD3
__end_of___fldiv         text22       10A8
__ptext4                 text4        10A8
_dtoa                    text4        10A8
__end_of_dtoa            text4        12EA
__ptext3                 text3        12EA
_vfpfcnvrt               text3        12EA
___aodiv                 text7        14D2
__end_of_vfpfcnvrt       text3        14D2
__ptext7                 text7        14D2
___xxtofl                text17       161A
__end_of___aodiv         text7        161A
__ptext17                text17       161A
__end_of___xxtofl        text17       175A
__ptext16                text16       175A
_memset                  text16       175A
___aomod                 text6        188C
__end_of_memset          text16       188C
__ptext6                 text6        188C
___flge                  text21       19B0
__end_of___aomod         text6        19B0
__ptext21                text21       19B0
___fltol                 text19       1A80
__end_of___flge          text21       1A80
__ptext19                text19       1A80
__end_of___fltol         text19       1B3A
__ptext12                text12       1B3A
_fputc                   text12       1B3A
__end_of_fputc           text12       1BDA
__ptext9                 text9        1BDA
_pad                     text9        1BDA
___awdiv                 text23       1C70
__end_of_pad             text9        1C70
__ptext23                text23       1C70
_ADC_Read                text30       1CF4
__end_of___awdiv         text23       1CF4
__ptext30                text30       1CF4
__end_of_ADC_Read        text30       1D6E
__ptext2                 text2        1D6E
_vfprintf                text2        1D6E
__end_of_vfprintf        text2        1DC4
__ptext1                 text1        1DC4
_sprintf                 text1        1DC4
_LCD_String              text25       1E16
__end_of_sprintf         text1        1E16
__ptext25                text25       1E16
__end_of_LCD_String      text25       1E68
__ptext8                 text8        1E68
_ctoa                    text8        1E68
__end_of_ctoa            text8        1EB6
__ptext14                text14       1EB6
_servoRotate90           text14       1EB6
__end_of_servoRotate90   text14       1EF2
__ptext11                text11       1EF2
_fputs                   text11       1EF2
__end_of_fputs           text11       1F2A
__ptext15                text15       1F2A
_servoRotate0            text15       1F2A
_LCD_String_xy           text24       1F62
__end_of_servoRotate0    text15       1F62
__ptext24                text24       1F62
__end_of_LCD_String_xy   text24       1F96
__ptext5                 text5        1F96
_abs                     text5        1F96
__end_of_abs             text5        1FC8
__ptext10                text10       1FC8
_strlen                  text10       1FC8
_LCD_Init                text27       1FF2
__end_of_strlen          text10       1FF2
__ptext27                text27       1FF2
___wmul                  text18       201A
__end_of_LCD_Init        text27       201A
__ptext18                text18       201A
__end_of___wmul          text18       2040
__initialization         cinit        2040
__pcinit                 cinit        2040
start_initialization     cinit        2040
__end_of__initialization cinit        2054
end_of_initialization    cinit        2054
_LCD_Command             text29       205E
__ptext29                text29       205E
_ADC_Init                text31       2072
__end_of_LCD_Command     text29       2072
__ptext31                text31       2072
_LCD_Char                text26       2086
__end_of_ADC_Init        text31       2086
__ptext26                text26       2086
_LCD_Clear               text28       2098
__end_of_LCD_Char        text26       2098
__ptext28                text28       2098
__end_of_LCD_Clear       text28       20A0
__ptext13                text13       20A0
_putch                   text13       20A0
__Hspace_0               (abs)        20A2
__S0                     (abs)        20A2
__end_of_putch           text13       20A2
_LATD0                   (abs)        7C60
_LATD1                   (abs)        7C61
_ADON                    (abs)        7E10
_GO                      (abs)        7E11
